
  .   ____          _            __ _ _
 /\\ / ___'_ __ _ _(_)_ __  __ _ \ \ \ \
( ( )\___ | '_ | '_| | '_ \/ _` | \ \ \ \
 \\/  ___)| |_)| | | | | || (_| |  ) ) ) )
  '  |____| .__|_| |_|_| |_\__, | / / / /
 =========|_|==============|___/=/_/_/_/

 :: Spring Boot ::                (v4.1.0)

2026-08-26T12:06:05.168+03:00  INFO 16848 --- [demo] [           main] com.example.demo.DemoApplication         : Starting DemoApplication v0.0.1-SNAPSHOT using Java 25.0.2 with PID 16848 (C:\Users\ALVIN\Downloads\demo\target\demo-0.0.1-SNAPSHOT.jar started by ALVIN in C:\Users\ALVIN\Downloads\demo)
2026-08-26T12:06:05.174+03:00  INFO 16848 --- [demo] [           main] com.example.demo.DemoApplication         : No active profile set, falling back to 1 default profile: "default"
2026-08-26T12:06:07.093+03:00  INFO 16848 --- [demo] [           main] .s.d.r.c.RepositoryConfigurationDelegate : Bootstrapping Spring Data JPA repositories in DEFAULT mode.
2026-08-26T12:06:07.519+03:00  INFO 16848 --- [demo] [           main] .s.d.r.c.RepositoryConfigurationDelegate : Finished Spring Data repository scanning in 396 ms. Found 1 JPA repository interface.
2026-08-26T12:06:08.969+03:00  INFO 16848 --- [demo] [           main] o.s.boot.tomcat.TomcatWebServer          : Tomcat initialized with port 8080 (http)
2026-08-26T12:06:09.003+03:00  INFO 16848 --- [demo] [           main] o.apache.catalina.core.StandardService   : Starting service [Tomcat]
2026-08-26T12:06:09.004+03:00  INFO 16848 --- [demo] [           main] o.apache.catalina.core.StandardEngine    : Starting Servlet engine: [Apache Tomcat/11.0.22]
2026-08-26T12:06:09.076+03:00  INFO 16848 --- [demo] [           main] b.w.c.s.WebApplicationContextInitializer : Root WebApplicationContext: initialization completed in 3757 ms
2026-08-26T12:06:09.601+03:00  INFO 16848 --- [demo] [           main] org.hibernate.orm.jpa                    : HHH008540: Processing PersistenceUnitInfo [name: default]
2026-08-26T12:06:09.774+03:00  INFO 16848 --- [demo] [           main] org.hibernate.orm.core                   : HHH000001: Hibernate ORM core version 7.4.1.Final
2026-08-26T12:06:11.106+03:00  INFO 16848 --- [demo] [           main] o.s.o.j.p.SpringPersistenceUnitInfo      : No LoadTimeWeaver setup: ignoring JPA class transformer
2026-08-26T12:06:11.184+03:00  INFO 16848 --- [demo] [           main] com.zaxxer.hikari.HikariDataSource       : HikariPool-1 - Starting...
2026-08-26T12:06:11.588+03:00  INFO 16848 --- [demo] [           main] com.zaxxer.hikari.pool.HikariPool        : HikariPool-1 - Added connection com.mysql.cj.jdbc.ConnectionImpl@57839834
2026-08-26T12:06:11.592+03:00  INFO 16848 --- [demo] [           main] com.zaxxer.hikari.HikariDataSource       : HikariPool-1 - Start completed.
2026-08-26T12:06:11.678+03:00  WARN 16848 --- [demo] [           main] org.hibernate.orm.core                   : HHH000511: The 5.5.5 version for [org.hibernate.dialect.MySQLDialect] is no longer supported, hence certain features may not work properly.The minimum supported version is 8.0.0. Check the community dialects project for available legacy versions.
2026-08-26T12:06:11.684+03:00  WARN 16848 --- [demo] [           main] org.hibernate.orm.deprecation            : HHH90000025: MySQLDialect does not need to be specified explicitly using 'hibernate.dialect' (remove the property setting and it will be selected by default)
2026-08-26T12:06:11.724+03:00  INFO 16848 --- [demo] [           main] org.hibernate.orm.connections.pooling    : HHH10001005: Database info:
	Database JDBC URL [jdbc:mysql://localhost/toolsdriver_db?createDatabaseIfNotExist=true]
	Database driver: MySQL Connector/J
	Database dialect: MySQLDialect
	Database version: 5.5.5
	Default catalog/schema: toolsdriver_db/undefined
	Autocommit mode: undefined/unknown
	Isolation level: REPEATABLE_READ [default REPEATABLE_READ]
	JDBC fetch size: none
	Pool: DataSourceConnectionProvider
	Minimum pool size: undefined/unknown
	Maximum pool size: undefined/unknown
2026-08-26T12:06:14.019+03:00  INFO 16848 --- [demo] [           main] org.hibernate.orm.core                   : HHH000489: No JTA platform available (set 'hibernate.transaction.jta.platform' to enable JTA platform integration)
2026-08-26T12:06:14.197+03:00  INFO 16848 --- [demo] [           main] j.LocalContainerEntityManagerFactoryBean : Initialized JPA EntityManagerFactory for persistence unit 'default'
2026-08-26T12:06:15.405+03:00  INFO 16848 --- [demo] [           main] o.s.d.j.r.query.QueryEnhancerFactories   : Hibernate is in classpath; If applicable, HQL parser will be used.
2026-08-26T12:06:16.020+03:00  WARN 16848 --- [demo] [           main] JpaBaseConfiguration$JpaWebConfiguration : spring.jpa.open-in-view is enabled by default. Therefore, database queries may be performed during view rendering. Explicitly configure spring.jpa.open-in-view to disable this warning
2026-08-26T12:06:17.137+03:00  INFO 16848 --- [demo] [           main] o.s.boot.tomcat.TomcatWebServer          : Tomcat started on port 8080 (http) with context path '/'
2026-08-26T12:06:17.181+03:00  INFO 16848 --- [demo] [           main] com.example.demo.DemoApplication         : Started DemoApplication in 13.092 seconds (process running for 14.851)
2026-08-26T12:06:17.386+03:00  INFO 16848 --- [demo] [nio-8080-exec-1] o.a.c.c.C.[Tomcat].[localhost].[/]       : Initializing Spring DispatcherServlet 'dispatcherServlet'
2026-08-26T12:06:17.386+03:00  INFO 16848 --- [demo] [nio-8080-exec-1] o.s.web.servlet.DispatcherServlet        : Initializing Servlet 'dispatcherServlet'
2026-08-26T12:06:17.388+03:00  INFO 16848 --- [demo] [nio-8080-exec-1] o.s.web.servlet.DispatcherServlet        : Completed initialization in 2 ms
2026-08-26T12:07:17.029+03:00  INFO 16848 --- [demo] [nio-8080-exec-7] com.example.demo.tools.EmployeeTools     : Searching employees name=null department=Engineering minAge=null maxAge=null
2026-08-26T12:07:20.139+03:00  INFO 16848 --- [demo] [nio-8080-exec-6] com.example.demo.tools.EmployeeTools     : Searching employees name=null department=null minAge=41 maxAge=null
2026-08-26T12:07:29.867+03:00  INFO 16848 --- [demo] [nio-8080-exec-9] com.example.demo.tools.EmployeeTools     : Searching employees name=Jane department=Engineering minAge=null maxAge=null
2026-08-26T12:07:32.731+03:00  INFO 16848 --- [demo] [io-8080-exec-10] com.example.demo.tools.EmployeeTools     : Getting phone number for employee 1
